Traceback (most recent call last):
  File "C:\Users\edier\miniconda3\envs\geospatial\Lib\site-packages\jupyter_cache\executors\utils.py", line 58, in single_nb_execution
    executenb(
    ~~~~~~~~~^
        nb,
        ^^^
    ...<4 lines>...
        **kwargs,
        ^^^^^^^^^
    )
    ^
  File "C:\Users\edier\miniconda3\envs\geospatial\Lib\site-packages\nbclient\client.py", line 1323, in execute
    return NotebookClient(nb=nb, resources=resources, km=km, **kwargs).execute()
           ~~~~~~~~~~~~~~~~~~~~~~~~~~~~~~~~~~~~~~~~~~~~~~~~~~~~~~~~~~~~~~~~~~~^^
  File "C:\Users\edier\AppData\Roaming\Python\Python314\site-packages\jupyter_core\utils\__init__.py", line 165, in wrapped
    return loop.run_until_complete(inner)
           ~~~~~~~~~~~~~~~~~~~~~~~^^^^^^^
  File "C:\Users\edier\miniconda3\envs\geospatial\Lib\asyncio\base_events.py", line 719, in run_until_complete
    return future.result()
           ~~~~~~~~~~~~~^^
  File "C:\Users\edier\miniconda3\envs\geospatial\Lib\site-packages\nbclient\client.py", line 709, in async_execute
    await self.async_execute_cell(
        cell, index, execution_count=self.code_cells_executed + 1
    )
  File "C:\Users\edier\miniconda3\envs\geospatial\Lib\site-packages\nbclient\client.py", line 1062, in async_execute_cell
    await self._check_raise_for_error(cell, cell_index, exec_reply)
  File "C:\Users\edier\miniconda3\envs\geospatial\Lib\site-packages\nbclient\client.py", line 918, in _check_raise_for_error
    raise CellExecutionError.from_cell_and_msg(cell, exec_reply_content)
nbclient.exceptions.CellExecutionError: An error occurred while executing the following cell:
------------------
raster = rio.open('https://github.com/edieraristizabal/Libro_cartoGeotecnia/blob/master/data/Pendiente.tif?raw=true')
pendiente=raster.read(1)
pendiente=np.where(pendiente<0,np.nan,pendiente)
plt.imshow(pendiente);
plt.colorbar();
------------------


[31m---------------------------------------------------------------------------[39m
[31mCPLE_HttpResponseError[39m                    Traceback (most recent call last)
[36mFile [39m[32mrasterio/_base.pyx:320[39m, in [36mrasterio._base.DatasetBase.__init__[39m[34m()[39m
[32m--> [39m[32m320[39m [33m'Could not get source, probably due dynamically evaluated source code.'[39m

[36mFile [39m[32mrasterio/_base.pyx:232[39m, in [36mrasterio._base.open_dataset[39m[34m()[39m
[32m--> [39m[32m232[39m [33m'Could not get source, probably due dynamically evaluated source code.'[39m

[36mFile [39m[32mrasterio/_err.pyx:359[39m, in [36mrasterio._err.exc_wrap_pointer[39m[34m()[39m
[32m--> [39m[32m359[39m [33m'Could not get source, probably due dynamically evaluated source code.'[39m

[31mCPLE_HttpResponseError[39m: HTTP response code: 404

During handling of the above exception, another exception occurred:

[31mRasterioIOError[39m                           Traceback (most recent call last)
[36mCell[39m[36m [39m[32mIn[8][39m[32m, line 1[39m
[32m----> [39m[32m1[39m raster = rio.open([33m'https://github.com/edieraristizabal/Libro_cartoGeotecnia/blob/master/data/Pendiente.tif?raw=true'[39m)
[32m      2[39m pendiente=raster.read([32m1[39m)
[32m      3[39m pendiente=np.where(pendiente<[32m0[39m,np.nan,pendiente)
[32m      4[39m plt.imshow(pendiente);

[36mFile [39m[32m~\AppData\Roaming\Python\Python314\site-packages\rasterio\env.py:464[39m, in [36mensure_env_with_credentials.<locals>.wrapper[39m[34m(*args, **kwds)[39m
[32m    461[39m     session = DummySession()
[32m    463[39m [38;5;28;01mwith[39;00m env_ctor(session=session):
[32m--> [39m[32m464[39m     [38;5;28;01mreturn[39;00m [30;43mf[39;49m[30;43m([39;49m[30;43m*[39;49m[30;43margs[39;49m[30;43m,[39;49m[30;43m [39;49m[30;43m*[39;49m[30;43m*[39;49m[30;43mkwds[39;49m[30;43m)[39;49m

[36mFile [39m[32m~\AppData\Roaming\Python\Python314\site-packages\rasterio\__init__.py:379[39m, in [36mopen[39m[34m(fp, mode, driver, width, height, count, crs, transform, dtype, nodata, sharing, thread_safe, opener, **kwargs)[39m
[32m    376[39m     path = _parse_path(raw_dataset_path)
[32m    378[39m [38;5;28;01mif[39;00m mode == [33m"[39m[33mr[39m[33m"[39m:
[32m--> [39m[32m379[39m     dataset = [30;43mDatasetReader[39;49m[30;43m([39;49m[30;43mpath[39;49m[30;43m,[39;49m[30;43m [39;49m[30;43mdriver[39;49m[30;43m=[39;49m[30;43mdriver[39;49m[30;43m,[39;49m[30;43m [39;49m[30;43msharing[39;49m[30;43m=[39;49m[30;43msharing[39;49m[30;43m,[39;49m[30;43m [39;49m[30;43mthread_safe[39;49m[30;43m=[39;49m[30;43mthread_safe[39;49m[30;43m,[39;49m[30;43m [39;49m[30;43m*[39;49m[30;43m*[39;49m[30;43mkwargs[39;49m[30;43m)[39;49m
[32m    380[39m [38;5;28;01melif[39;00m mode == [33m"[39m[33mr+[39m[33m"[39m:
[32m    381[39m     dataset = get_writer_for_path(path, driver=driver)(
[32m    382[39m         path, mode, driver=driver, sharing=sharing, **kwargs
[32m    383[39m     )

[36mFile [39m[32mrasterio/_base.pyx:329[39m, in [36mrasterio._base.DatasetBase.__init__[39m[34m()[39m
[32m--> [39m[32m329[39m [33m'Could not get source, probably due dynamically evaluated source code.'[39m

[31mRasterioIOError[39m: HTTP response code: 404

