Traceback (most recent call last):
  File "/home/edier/miniconda3/lib/python3.13/site-packages/jupyter_core/utils/__init__.py", line 154, in wrapped
    asyncio.get_running_loop()
    ~~~~~~~~~~~~~~~~~~~~~~~~^^
RuntimeError: no running event loop

During handling of the above exception, another exception occurred:

Traceback (most recent call last):
  File "/home/edier/miniconda3/lib/python3.13/site-packages/jupyter_cache/executors/utils.py", line 58, in single_nb_execution
    executenb(
    ~~~~~~~~~^
        nb,
        ^^^
    ...<4 lines>...
        **kwargs,
        ^^^^^^^^^
    )
    ^
  File "/home/edier/miniconda3/lib/python3.13/site-packages/nbclient/client.py", line 1319, in execute
    return NotebookClient(nb=nb, resources=resources, km=km, **kwargs).execute()
           ~~~~~~~~~~~~~~~~~~~~~~~~~~~~~~~~~~~~~~~~~~~~~~~~~~~~~~~~~~~~~~~~~~~^^
  File "/home/edier/miniconda3/lib/python3.13/site-packages/jupyter_core/utils/__init__.py", line 158, in wrapped
    return loop.run_until_complete(inner)
           ~~~~~~~~~~~~~~~~~~~~~~~^^^^^^^
  File "/home/edier/miniconda3/lib/python3.13/asyncio/base_events.py", line 725, in run_until_complete
    return future.result()
           ~~~~~~~~~~~~~^^
  File "/home/edier/miniconda3/lib/python3.13/site-packages/nbclient/client.py", line 709, in async_execute
    await self.async_execute_cell(
        cell, index, execution_count=self.code_cells_executed + 1
    )
  File "/home/edier/miniconda3/lib/python3.13/site-packages/nbclient/client.py", line 1062, in async_execute_cell
    await self._check_raise_for_error(cell, cell_index, exec_reply)
  File "/home/edier/miniconda3/lib/python3.13/site-packages/nbclient/client.py", line 918, in _check_raise_for_error
    raise CellExecutionError.from_cell_and_msg(cell, exec_reply_content)
nbclient.exceptions.CellExecutionError: An error occurred while executing the following cell:
------------------
import numpy as np
import matplotlib.pyplot as plt

def factor_seguridad(c, phi_deg, gamma_s, z, beta_deg, m=1.0, gamma_w=9.81):
    """
    Factor de Seguridad — Modelo de Talud Infinito.

    Parámetros
    ----------
    c       : cohesión efectiva [kPa]
    phi_deg : ángulo de fricción efectivo [°]
    gamma_s : peso unitario del suelo [kN/m³]
    z       : profundidad del plano de falla [m]
    beta_deg: ángulo de pendiente [°]
    m       : grado de saturación (0=seco, 1=saturado)
    gamma_w : peso unitario del agua [kN/m³]

    Retorna
    -------
    float o ndarray — Factor de Seguridad
    """
    beta = np.radians(beta_deg)
    phi  = np.radians(phi_deg)
    resistencia = c + (gamma_s - m * gamma_w) * z * np.cos(beta)**2 * np.tan(phi)
    actuante    = gamma_s * z * np.sin(beta) * np.cos(beta)
    return resistencia / actuante

# ── Parámetros típicos de suelo residual andino ───────────────────────────────
c       = 5.0    # cohesión efectiva [kPa]
phi     = 28.0   # ángulo de fricción [°]
gamma_s = 18.0   # peso unitario del suelo [kN/m³]
z       = 2.0    # profundidad de falla [m]

pendientes = np.linspace(5, 60, 200)
FS_seco     = factor_seguridad(c, phi, gamma_s, z, pendientes, m=0.0)
FS_parcial  = factor_seguridad(c, phi, gamma_s, z, pendientes, m=0.5)
FS_saturado = factor_seguridad(c, phi, gamma_s, z, pendientes, m=1.0)

fig, ax = plt.subplots(figsize=(9, 5))
ax.plot(pendientes, FS_seco,     'b-',  lw=2, label='Suelo seco (m = 0)')
ax.plot(pendientes, FS_parcial,  'g--', lw=2, label='Parcialmente saturado (m = 0.5)')
ax.plot(pendientes, FS_saturado, 'r-',  lw=2, label='Suelo saturado (m = 1)')
ax.axhline(1.0, color='k',      ls='--', lw=1.5, label='FS = 1 (falla)')
ax.axhline(1.5, color='orange', ls=':',  lw=1.5, label='FS = 1.5 (margen seguridad)')
ax.fill_between(pendientes, 0, 1, alpha=0.12, color='red')
ax.set_xlabel('Ángulo de pendiente β [°]', fontsize=12)
ax.set_ylabel('Factor de Seguridad (FS)', fontsize=12)
ax.set_title(
    'Factor de Seguridad — Modelo de Talud Infinito\n'
    f'c = {c} kPa,  φ = {phi}°,  γs = {gamma_s} kN/m³,  z = {z} m',
    fontsize=13
)
ax.legend(fontsize=10)
ax.set_ylim(0, 6)
ax.set_xlim(5, 60)
ax.grid(True, alpha=0.3)
plt.tight_layout()
plt.show()

# ── Mapa de FS para rangos de pendiente ──────────────────────────────────────
print('\nTabla de FS por rango de pendiente (suelo saturado):')
print(f'{'Pendiente (°)':<18} {'FS':<10} {'Condición'}')
print('-' * 40)
for beta in [10, 15, 20, 25, 30, 35, 40]:
    fs = factor_seguridad(c, phi, gamma_s, z, beta, m=1.0)
    cond = 'FALLA' if fs < 1 else ('Marginal' if fs < 1.5 else 'Estable')
    print(f'{beta:<18} {fs:<10.2f} {cond}')

------------------


[31m---------------------------------------------------------------------------[39m
[31mModuleNotFoundError[39m                       Traceback (most recent call last)
[36mCell[39m[36m [39m[32mIn[1][39m[32m, line 2[39m
[32m      1[39m [38;5;28;01mimport[39;00m[38;5;250m [39m[34;01mnumpy[39;00m[38;5;250m [39m[38;5;28;01mas[39;00m[38;5;250m [39m[34;01mnp[39;00m
[32m----> [39m[32m2[39m [38;5;28;01mimport[39;00m[38;5;250m [39m[34;01mmatplotlib[39;00m[34;01m.[39;00m[34;01mpyplot[39;00m[38;5;250m [39m[38;5;28;01mas[39;00m[38;5;250m [39m[34;01mplt[39;00m
[32m      4[39m [38;5;28;01mdef[39;00m[38;5;250m [39m[34mfactor_seguridad[39m(c, phi_deg, gamma_s, z, beta_deg, m=[32m1.0[39m, gamma_w=[32m9.81[39m):
[32m      5[39m [38;5;250m    [39m[33;03m"""[39;00m
[32m      6[39m [33;03m    Factor de Seguridad — Modelo de Talud Infinito.[39;00m
[32m      7[39m 
[32m   (...)[39m[32m     20[39m [33;03m    float o ndarray — Factor de Seguridad[39;00m
[32m     21[39m [33;03m    """[39;00m

[31mModuleNotFoundError[39m: No module named 'matplotlib'

