Traceback (most recent call last):
  File "/home/edier/miniconda3/lib/python3.13/site-packages/jupyter_core/utils/__init__.py", line 154, in wrapped
    asyncio.get_running_loop()
    ~~~~~~~~~~~~~~~~~~~~~~~~^^
RuntimeError: no running event loop

During handling of the above exception, another exception occurred:

Traceback (most recent call last):
  File "/home/edier/miniconda3/lib/python3.13/site-packages/jupyter_cache/executors/utils.py", line 58, in single_nb_execution
    executenb(
    ~~~~~~~~~^
        nb,
        ^^^
    ...<4 lines>...
        **kwargs,
        ^^^^^^^^^
    )
    ^
  File "/home/edier/miniconda3/lib/python3.13/site-packages/nbclient/client.py", line 1319, in execute
    return NotebookClient(nb=nb, resources=resources, km=km, **kwargs).execute()
           ~~~~~~~~~~~~~~~~~~~~~~~~~~~~~~~~~~~~~~~~~~~~~~~~~~~~~~~~~~~~~~~~~~~^^
  File "/home/edier/miniconda3/lib/python3.13/site-packages/jupyter_core/utils/__init__.py", line 158, in wrapped
    return loop.run_until_complete(inner)
           ~~~~~~~~~~~~~~~~~~~~~~~^^^^^^^
  File "/home/edier/miniconda3/lib/python3.13/asyncio/base_events.py", line 725, in run_until_complete
    return future.result()
           ~~~~~~~~~~~~~^^
  File "/home/edier/miniconda3/lib/python3.13/site-packages/nbclient/client.py", line 709, in async_execute
    await self.async_execute_cell(
        cell, index, execution_count=self.code_cells_executed + 1
    )
  File "/home/edier/miniconda3/lib/python3.13/site-packages/nbclient/client.py", line 1062, in async_execute_cell
    await self._check_raise_for_error(cell, cell_index, exec_reply)
  File "/home/edier/miniconda3/lib/python3.13/site-packages/nbclient/client.py", line 918, in _check_raise_for_error
    raise CellExecutionError.from_cell_and_msg(cell, exec_reply_content)
nbclient.exceptions.CellExecutionError: An error occurred while executing the following cell:
------------------
import numpy as np
import matplotlib.pyplot as plt
from scipy.optimize import curve_fit

# ── Datos de ejemplo: eventos de lluvia detonantes (Andes colombianos) ────────
# Cada par (D, I) corresponde a un evento que generó movimientos en masa
np.random.seed(42)
# Simulamos eventos siguiendo la distribución típica reportada para Colombia
duracion  = np.array([0.5, 1, 1, 2, 2, 3, 4, 6, 8, 12, 12, 24, 24, 48, 48, 72])
intensidad = np.array([40, 35, 50, 28, 38, 22, 18, 14, 12, 9, 11, 7, 8, 5, 6, 4])

def umbral_id(D, alpha, beta):
    """
    Relación potencial Intensidad-Duración: I = alpha * D^beta

    Parámetros
    ----------
    D     : duración [h]
    alpha : intercepto (intensidad a D=1 h)
    beta  : exponente (negativo → menor intensidad con mayor duración)
    """
    return alpha * D**beta

# ── Ajuste por mínimos cuadrados en escala logarítmica ───────────────────────
popt, _ = curve_fit(umbral_id, duracion, intensidad, p0=[30, -0.5])
alpha_fit, beta_fit = popt
print(f'Umbral ajustado: I = {alpha_fit:.2f} · D^({beta_fit:.3f})')

# Umbrales de referencia para Colombia (Aristizábal et al., 2015)
alpha_ref, beta_ref = 21.4, -0.57   # umbral inferior regional

# ── Visualización ─────────────────────────────────────────────────────────────
D_plot = np.logspace(-0.5, 2, 200)  # 0.3 h a 100 h

fig, ax = plt.subplots(figsize=(9, 6))
ax.scatter(duracion, intensidad, s=80, color='royalblue',
           edgecolors='k', zorder=5, label='Eventos detonantes')
ax.plot(D_plot, umbral_id(D_plot, alpha_fit, beta_fit),
        'r-', lw=2, label=f'Umbral ajustado: I = {alpha_fit:.1f}·D^{beta_fit:.2f}')
ax.plot(D_plot, umbral_id(D_plot, alpha_ref, beta_ref),
        'k--', lw=1.5, label=f'Umbral ref. Colombia: I = {alpha_ref}·D^{beta_ref}')
ax.fill_between(D_plot, 0, umbral_id(D_plot, alpha_fit, beta_fit),
                alpha=0.1, color='red', label='Zona de detonación')
ax.set_xscale('log')
ax.set_yscale('log')
ax.set_xlabel('Duración D [h]', fontsize=12)
ax.set_ylabel('Intensidad I [mm/h]', fontsize=12)
ax.set_title(
    'Umbral de Lluvia Intensidad–Duración (I-D)\n'
    'para Detonación de Movimientos en Masa — Andes Colombianos',
    fontsize=13
)
ax.legend(fontsize=10)
ax.grid(True, which='both', alpha=0.3)
plt.tight_layout()
plt.show()

# ── Verificación de un evento específico ──────────────────────────────────────
D_evento, I_evento = 6.0, 20.0   # evento de prueba: 6h de duración, 20 mm/h
I_umbral = umbral_id(D_evento, alpha_fit, beta_fit)
estado = 'DETONANTE (supera el umbral)' if I_evento >= I_umbral else 'No detonante'
print(f'\nEvento: D={D_evento} h, I={I_evento} mm/h')
print(f'Intensidad umbral a {D_evento}h: {I_umbral:.1f} mm/h')
print(f'Estado: {estado}')

------------------


[31m---------------------------------------------------------------------------[39m
[31mModuleNotFoundError[39m                       Traceback (most recent call last)
[36mCell[39m[36m [39m[32mIn[1][39m[32m, line 2[39m
[32m      1[39m [38;5;28;01mimport[39;00m[38;5;250m [39m[34;01mnumpy[39;00m[38;5;250m [39m[38;5;28;01mas[39;00m[38;5;250m [39m[34;01mnp[39;00m
[32m----> [39m[32m2[39m [38;5;28;01mimport[39;00m[38;5;250m [39m[34;01mmatplotlib[39;00m[34;01m.[39;00m[34;01mpyplot[39;00m[38;5;250m [39m[38;5;28;01mas[39;00m[38;5;250m [39m[34;01mplt[39;00m
[32m      3[39m [38;5;28;01mfrom[39;00m[38;5;250m [39m[34;01mscipy[39;00m[34;01m.[39;00m[34;01moptimize[39;00m[38;5;250m [39m[38;5;28;01mimport[39;00m curve_fit
[32m      5[39m [38;5;66;03m# ── Datos de ejemplo: eventos de lluvia detonantes (Andes colombianos) ────────[39;00m
[32m      6[39m [38;5;66;03m# Cada par (D, I) corresponde a un evento que generó movimientos en masa[39;00m

[31mModuleNotFoundError[39m: No module named 'matplotlib'

